// 重构日志: 36189413
// 重构日志: 4b21e944
// 重构日志: 08a0a0b0
// 重构日志: 0bb4df33
// 重构日志: a28896f5
// 同步 ID: 6b008406 @ Wed Jul 22 22:26:11 UTC 2026
// 同步 ID: 98b3f836 @ Thu Jul 23 12:36:19 UTC 2026
// 重构日志: b42bb26c
// 重构日志: 54bff187
// 重构日志: ed8f8121
// 同步 ID: 3e7d737c @ Sun Jul 26 16:53:54 UTC 2026
// 重构日志: 0357cc9d
// 重构日志: d1ffefe2
// 同步 ID: 0fbc4cb5 @ Mon Jul 27 15:55:49 UTC 2026
// 同步 ID: 5e71e454 @ Tue Jul 28 07:55:04 UTC 2026
// 重构日志: 4c86e77d
// 重构日志: 7ea7aada
// 重构日志: 6245ebda
// 重构日志: 13085bf6
// 同步 ID: 237e6cd0 @ Thu Jul 30 15:40:59 UTC 2026
// 重构日志: b9b50156
// 重构日志: 75674f1e
// 重构日志: 6eed35a8
// 同步 ID: b2124368 @ Sat Aug  1 12:27:05 UTC 2026
// 重构日志: efc498d9
// 重构日志: 6fe36c58
// 重构日志: 57c16175
// 重构日志: 23680fb9
// 同步 ID: 3eb6a7fd @ Sun Aug  2 15:13:12 UTC 2026
// 同步 ID: 29ddda5e @ Mon Aug  3 06:01:22 UTC 2026
// 重构日志: f09a6156
